gthr-default.h:229:1:int __gthread_key_delete(__gthread_key_t)	16	static
tests.cpp:11:1:TEST_GROUP_CppUTestGroupFirstTestGroup::TEST_GROUP_CppUTestGroupFirstTestGroup()	16	static
tests.cpp:11:1:TEST_GROUP_CppUTestGroupFirstTestGroup::~TEST_GROUP_CppUTestGroupFirstTestGroup()	16	static
tests.cpp:11:1:virtual TEST_GROUP_CppUTestGroupFirstTestGroup::~TEST_GROUP_CppUTestGroupFirstTestGroup()	16	static
tests.cpp:15:1:TEST_FirstTestGroup_FirstTest_Test::TEST_FirstTestGroup_FirstTest_Test()	16	static
tests.cpp:15:1:virtual Utest* TEST_FirstTestGroup_FirstTest_TestShell::createTest()	24	static
tests.cpp:15:1:TEST_FirstTestGroup_FirstTest_TestShell::TEST_FirstTestGroup_FirstTest_TestShell()	16	static
tests.cpp:15:1:virtual void TEST_FirstTestGroup_FirstTest_Test::testBody()	40	static
tests.cpp:20:1:TEST_FirstTestGroup_SecondTest_Test::TEST_FirstTestGroup_SecondTest_Test()	16	static
tests.cpp:20:1:virtual Utest* TEST_FirstTestGroup_SecondTest_TestShell::createTest()	24	static
tests.cpp:20:1:TEST_FirstTestGroup_SecondTest_TestShell::TEST_FirstTestGroup_SecondTest_TestShell()	16	static
tests.cpp:20:1:virtual void TEST_FirstTestGroup_SecondTest_Test::testBody()	48	static
tests.cpp:20:1:TEST_FirstTestGroup_SecondTest_TestShell::~TEST_FirstTestGroup_SecondTest_TestShell()	16	static
tests.cpp:20:1:virtual TEST_FirstTestGroup_SecondTest_TestShell::~TEST_FirstTestGroup_SecondTest_TestShell()	16	static
tests.cpp:20:1:TEST_FirstTestGroup_SecondTest_Test::~TEST_FirstTestGroup_SecondTest_Test()	16	static
tests.cpp:20:1:virtual TEST_FirstTestGroup_SecondTest_Test::~TEST_FirstTestGroup_SecondTest_Test()	16	static
tests.cpp:15:1:TEST_FirstTestGroup_FirstTest_TestShell::~TEST_FirstTestGroup_FirstTest_TestShell()	16	static
tests.cpp:15:1:virtual TEST_FirstTestGroup_FirstTest_TestShell::~TEST_FirstTestGroup_FirstTest_TestShell()	16	static
tests.cpp:15:1:TEST_FirstTestGroup_FirstTest_Test::~TEST_FirstTestGroup_FirstTest_Test()	16	static
tests.cpp:15:1:virtual TEST_FirstTestGroup_FirstTest_Test::~TEST_FirstTestGroup_FirstTest_Test()	16	static
tests.cpp:23:1:void __static_initialization_and_destruction_0(int, int)	24	static
tests.cpp:23:1:cpp)	8	static
tests.cpp:23:1:cpp)	8	static
