TestPlugin.h:49:18:virtual bool TestPlugin::parseArguments(int, const char* const*, int)	24	static
IEEE754ExceptionsPlugin.cpp:108:1:IEEE754ExceptionsPlugin::IEEE754ExceptionsPlugin(const SimpleString&)	16	static
IEEE754ExceptionsPlugin.cpp:113:6:virtual void IEEE754ExceptionsPlugin::preTestAction(UtestShell&, TestResult&)	24	static
IEEE754ExceptionsPlugin.cpp:117:6:virtual void IEEE754ExceptionsPlugin::postTestAction(UtestShell&, TestResult&)	24	static
IEEE754ExceptionsPlugin.cpp:121:6:static void IEEE754ExceptionsPlugin::disableInexact()	4	static
IEEE754ExceptionsPlugin.cpp:125:6:static void IEEE754ExceptionsPlugin::enableInexact()	4	static
IEEE754ExceptionsPlugin.cpp:129:6:static bool IEEE754ExceptionsPlugin::checkIeee754OverflowExceptionFlag()	4	static
IEEE754ExceptionsPlugin.cpp:134:6:static bool IEEE754ExceptionsPlugin::checkIeee754UnderflowExceptionFlag()	4	static
IEEE754ExceptionsPlugin.cpp:139:6:static bool IEEE754ExceptionsPlugin::checkIeee754InexactExceptionFlag()	4	static
IEEE754ExceptionsPlugin.cpp:144:6:static bool IEEE754ExceptionsPlugin::checkIeee754DivByZeroExceptionFlag()	4	static
IEEE754ExceptionsPlugin.cpp:149:6:void IEEE754ExceptionsPlugin::ieee754Check(UtestShell&, TestResult&, int, const char*)	24	static
IEEE754ExceptionsPlugin.h:33:7:IEEE754ExceptionsPlugin::~IEEE754ExceptionsPlugin()	16	static
IEEE754ExceptionsPlugin.h:33:7:virtual IEEE754ExceptionsPlugin::~IEEE754ExceptionsPlugin()	16	static
