TestResult.h:84:12:size_t TestResult::getFailureCount() const	16	static
TestPlugin.h:49:18:virtual bool TestPlugin::parseArguments(int, const char* const*, int)	24	static
MemoryLeakDetector.h:45:13:MemoryLeakFailure::~MemoryLeakFailure()	16	static
MemoryLeakDetector.h:45:13:virtual MemoryLeakFailure::~MemoryLeakFailure()	16	static
MemoryLeakWarningPlugin.cpp:42:5:MemLeakScopedMutex::MemLeakScopedMutex()	24	static
MemoryLeakWarningPlugin.cpp:39:7:MemLeakScopedMutex::~MemLeakScopedMutex()	16	static
MemoryLeakWarningPlugin.cpp:47:14:void* threadsafe_mem_leak_malloc(size_t, const char*, size_t)	48	static
MemoryLeakWarningPlugin.cpp:53:13:void threadsafe_mem_leak_free(void*, const char*, size_t)	48	static
MemoryLeakWarningPlugin.cpp:60:14:void* threadsafe_mem_leak_realloc(void*, size_t, const char*, size_t)	56	static
MemoryLeakWarningPlugin.cpp:67:14:void* mem_leak_malloc(size_t, const char*, size_t)	40	static
MemoryLeakWarningPlugin.cpp:72:13:void mem_leak_free(void*, const char*, size_t)	40	static
MemoryLeakWarningPlugin.cpp:78:14:void* mem_leak_realloc(void*, size_t, const char*, size_t)	48	static
MemoryLeakWarningPlugin.cpp:85:14:void* normal_malloc(size_t, const char*, size_t)	24	static
MemoryLeakWarningPlugin.cpp:90:14:void* normal_realloc(void*, size_t, const char*, size_t)	24	static
MemoryLeakWarningPlugin.cpp:95:13:void normal_free(void*, const char*, size_t)	24	static
MemoryLeakWarningPlugin.cpp:113:7:void* cpputest_malloc_location_with_leak_detection(size_t, const char*, size_t)	24	static
MemoryLeakWarningPlugin.cpp:118:7:void* cpputest_realloc_location_with_leak_detection(void*, size_t, const char*, size_t)	32	static
MemoryLeakWarningPlugin.cpp:123:6:void cpputest_free_location_with_leak_detection(void*, const char*, size_t)	24	static
MemoryLeakWarningPlugin.cpp:139:14:void* threadsafe_mem_leak_operator_new(size_t)	32	static
MemoryLeakWarningPlugin.cpp:147:14:void* threadsafe_mem_leak_operator_new_nothrow(size_t)	32	static
MemoryLeakWarningPlugin.cpp:153:14:void* threadsafe_mem_leak_operator_new_debug(size_t, const char*, size_t)	48	static
MemoryLeakWarningPlugin.cpp:161:14:void* threadsafe_mem_leak_operator_new_array(size_t)	32	static
MemoryLeakWarningPlugin.cpp:169:14:void* threadsafe_mem_leak_operator_new_array_nothrow(size_t)	32	static
MemoryLeakWarningPlugin.cpp:175:14:void* threadsafe_mem_leak_operator_new_array_debug(size_t, const char*, size_t)	48	static
MemoryLeakWarningPlugin.cpp:183:13:void threadsafe_mem_leak_operator_delete(void*)	32	static
MemoryLeakWarningPlugin.cpp:190:13:void threadsafe_mem_leak_operator_delete_array(void*)	32	static
MemoryLeakWarningPlugin.cpp:198:14:void* mem_leak_operator_new(size_t)	32	static
MemoryLeakWarningPlugin.cpp:205:14:void* mem_leak_operator_new_nothrow(size_t)	24	static
MemoryLeakWarningPlugin.cpp:210:14:void* mem_leak_operator_new_debug(size_t, const char*, size_t)	48	static
MemoryLeakWarningPlugin.cpp:217:14:void* mem_leak_operator_new_array(size_t)	32	static
MemoryLeakWarningPlugin.cpp:224:14:void* mem_leak_operator_new_array_nothrow(size_t)	24	static
MemoryLeakWarningPlugin.cpp:229:14:void* mem_leak_operator_new_array_debug(size_t, const char*, size_t)	48	static
MemoryLeakWarningPlugin.cpp:236:13:void mem_leak_operator_delete(void*)	24	static
MemoryLeakWarningPlugin.cpp:242:13:void mem_leak_operator_delete_array(void*)	24	static
MemoryLeakWarningPlugin.cpp:248:14:void* normal_operator_new(size_t)	24	static
MemoryLeakWarningPlugin.cpp:255:14:void* normal_operator_new_nothrow(size_t)	16	static
MemoryLeakWarningPlugin.cpp:260:14:void* normal_operator_new_debug(size_t, const char*, size_t)	32	static
MemoryLeakWarningPlugin.cpp:267:14:void* normal_operator_new_array(size_t)	24	static
MemoryLeakWarningPlugin.cpp:274:14:void* normal_operator_new_array_nothrow(size_t)	16	static
MemoryLeakWarningPlugin.cpp:279:14:void* normal_operator_new_array_debug(size_t, const char*, size_t)	32	static
MemoryLeakWarningPlugin.cpp:286:13:void normal_operator_delete(void*)	16	static
MemoryLeakWarningPlugin.cpp:291:13:void normal_operator_delete_array(void*)	16	static
MemoryLeakWarningPlugin.cpp:315:7:void* operator new(size_t)	16	static
MemoryLeakWarningPlugin.cpp:320:7:void* operator new(size_t, const char*, int)	24	static
MemoryLeakWarningPlugin.cpp:325:7:void* operator new(size_t, const char*, size_t)	24	static
MemoryLeakWarningPlugin.cpp:330:6:void operator delete(void*)	16	static
MemoryLeakWarningPlugin.cpp:335:6:void operator delete(void*, const char*, int)	24	static
MemoryLeakWarningPlugin.cpp:340:6:void operator delete(void*, const char*, size_t)	24	static
MemoryLeakWarningPlugin.cpp:346:6:void operator delete(void*, size_t)	16	static
MemoryLeakWarningPlugin.cpp:352:7:void* operator new [](size_t)	16	static
MemoryLeakWarningPlugin.cpp:357:7:void* operator new [](size_t, const char*, int)	24	static
MemoryLeakWarningPlugin.cpp:362:7:void* operator new [](size_t, const char*, size_t)	24	static
MemoryLeakWarningPlugin.cpp:367:6:void operator delete [](void*)	16	static
MemoryLeakWarningPlugin.cpp:372:6:void operator delete [](void*, const char*, int)	24	static
MemoryLeakWarningPlugin.cpp:377:6:void operator delete [](void*, const char*, size_t)	24	static
MemoryLeakWarningPlugin.cpp:383:6:void operator delete [](void*, size_t)	16	static
MemoryLeakWarningPlugin.cpp:418:7:void* operator_new_nothrow(size_t)	16	static
MemoryLeakWarningPlugin.cpp:423:7:void* operator_new_array_nothrow(size_t)	16	static
MemoryLeakWarningPlugin.cpp:431:6:static void MemoryLeakWarningPlugin::turnOffNewDeleteOverloads()	4	static
MemoryLeakWarningPlugin.cpp:449:6:static void MemoryLeakWarningPlugin::turnOnDefaultNotThreadSafeNewDeleteOverloads()	4	static
MemoryLeakWarningPlugin.cpp:466:6:static void MemoryLeakWarningPlugin::turnOnThreadSafeNewDeleteOverloads()	4	static
MemoryLeakWarningPlugin.cpp:483:6:static bool MemoryLeakWarningPlugin::areNewDeleteOverloaded()	4	static
MemoryLeakWarningPlugin.cpp:492:6:static void MemoryLeakWarningPlugin::saveAndDisableNewDeleteOverloads()	8	static
MemoryLeakWarningPlugin.cpp:511:6:static void MemoryLeakWarningPlugin::restoreNewDeleteOverloads()	4	static
MemoryLeakWarningPlugin.cpp:531:39:void __tcf_0()	8	static
MemoryLeakWarningPlugin.cpp:529:6:void crash_on_allocation_number(unsigned int)	16	static
MemoryLeakWarningPlugin.cpp:541:13:MemoryLeakWarningReporter::~MemoryLeakWarningReporter()	16	static
MemoryLeakWarningPlugin.cpp:541:13:virtual MemoryLeakWarningReporter::~MemoryLeakWarningReporter()	16	static
Utest.h:62:7:constexpr TestTerminator::TestTerminator()	16	static
Utest.h:76:7:constexpr TestTerminatorWithoutExceptions::TestTerminatorWithoutExceptions()	16	static
MemoryLeakWarningPlugin.cpp:545:18:virtual void MemoryLeakWarningReporter::fail(char*)	120	static
MemoryLeakDetector.h:42:7:constexpr MemoryLeakFailure::MemoryLeakFailure()	16	static
MemoryLeakWarningPlugin.cpp:538:7:constexpr MemoryLeakWarningReporter::MemoryLeakWarningReporter()	16	static
MemoryLeakWarningPlugin.cpp:555:21:static MemoryLeakDetector* MemoryLeakWarningPlugin::getGlobalDetector()	16	static
MemoryLeakWarningPlugin.cpp:568:20:static MemoryLeakFailure* MemoryLeakWarningPlugin::getGlobalFailureReporter()	4	static
MemoryLeakWarningPlugin.cpp:573:6:void MemoryLeakWarningPlugin::destroyGlobalDetectorAndTurnOffMemoryLeakDetectionInDestructor(bool)	16	static
MemoryLeakWarningPlugin.cpp:578:6:static void MemoryLeakWarningPlugin::setGlobalDetector(MemoryLeakDetector*, MemoryLeakFailure*)	16	static
MemoryLeakWarningPlugin.cpp:584:6:static void MemoryLeakWarningPlugin::destroyGlobalDetector()	8	static
MemoryLeakWarningPlugin.cpp:595:26:static MemoryLeakWarningPlugin* MemoryLeakWarningPlugin::getFirstPlugin()	4	static
MemoryLeakWarningPlugin.cpp:600:21:MemoryLeakDetector* MemoryLeakWarningPlugin::getMemoryLeakDetector()	16	static
MemoryLeakWarningPlugin.cpp:605:6:void MemoryLeakWarningPlugin::ignoreAllLeaksInTest()	16	static
MemoryLeakWarningPlugin.cpp:610:6:void MemoryLeakWarningPlugin::expectLeaksInTest(size_t)	16	static
MemoryLeakWarningPlugin.cpp:615:1:MemoryLeakWarningPlugin::MemoryLeakWarningPlugin(const SimpleString&, MemoryLeakDetector*)	24	static
MemoryLeakWarningPlugin.cpp:626:1:MemoryLeakWarningPlugin::~MemoryLeakWarningPlugin()	16	static
MemoryLeakWarningPlugin.cpp:626:1:virtual MemoryLeakWarningPlugin::~MemoryLeakWarningPlugin()	16	static
MemoryLeakWarningPlugin.cpp:634:6:virtual void MemoryLeakWarningPlugin::preTestAction(UtestShell&, TestResult&)	24	static
MemoryLeakWarningPlugin.cpp:640:6:virtual void MemoryLeakWarningPlugin::postTestAction(UtestShell&, TestResult&)	104	static
MemoryLeakWarningPlugin.cpp:658:13:virtual const char* MemoryLeakWarningPlugin::FinalReport(size_t)	24	static
TestFailure.h:119:7:FailFailure::~FailFailure()	16	static
TestFailure.h:119:7:virtual FailFailure::~FailFailure()	16	static
