OrderedTest.cpp:34:1:OrderedTestShell::OrderedTestShell()	16	static
OrderedTest.cpp:39:1:OrderedTestShell::~OrderedTestShell()	16	static
OrderedTest.cpp:39:1:virtual OrderedTestShell::~OrderedTestShell()	16	static
OrderedTest.cpp:43:5:int OrderedTestShell::getLevel()	16	static
OrderedTest.cpp:48:6:void OrderedTestShell::setLevel(int)	16	static
OrderedTest.cpp:53:6:static void OrderedTestShell::setOrderedTestHead(OrderedTestShell*)	16	static
OrderedTest.cpp:58:19:static OrderedTestShell* OrderedTestShell::getOrderedTestHead()	4	static
OrderedTest.cpp:63:6:static bool OrderedTestShell::firstOrderedTest()	8	static
OrderedTest.cpp:68:19:virtual OrderedTestShell* OrderedTestShell::addOrderedTest(OrderedTestShell*)	16	static
OrderedTest.cpp:75:6:static void OrderedTestShell::addOrderedTestToHead(OrderedTestShell*)	24	static
OrderedTest.cpp:92:19:virtual OrderedTestShell* OrderedTestShell::getNextOrderedTest()	16	static
OrderedTest.cpp:97:1:OrderedTestInstaller::OrderedTestInstaller(OrderedTestShell&, const char*, const char*, const char*, size_t, int)	24	static
OrderedTest.cpp:111:6:void OrderedTestInstaller::addOrderedTestInOrder(OrderedTestShell*)	24	static
OrderedTest.cpp:118:6:void OrderedTestInstaller::addOrderedTestInOrderNotAtHeadPosition(OrderedTestShell*)	32	static
OrderedTest.cpp:135:1:OrderedTestInstaller::~OrderedTestInstaller()	16	static
OrderedTest.cpp:135:1:virtual OrderedTestInstaller::~OrderedTestInstaller()	16	static
