Utest.h:62:7:constexpr TestTerminator::TestTerminator()	16	static
Utest.h:76:7:constexpr TestTerminatorWithoutExceptions::TestTerminatorWithoutExceptions()	16	static
TestHarness_c.cpp:37:6:void CHECK_EQUAL_C_BOOL_LOCATION(int, int, const char*, const char*, size_t)	72	static
TestHarness_c.cpp:42:6:void CHECK_EQUAL_C_INT_LOCATION(int, int, const char*, const char*, size_t)	56	static
TestHarness_c.cpp:47:6:void CHECK_EQUAL_C_UINT_LOCATION(unsigned int, unsigned int, const char*, const char*, size_t)	56	static
TestHarness_c.cpp:52:6:void CHECK_EQUAL_C_LONG_LOCATION(long int, long int, const char*, const char*, size_t)	56	static
TestHarness_c.cpp:57:6:void CHECK_EQUAL_C_ULONG_LOCATION(long unsigned int, long unsigned int, const char*, const char*, size_t)	56	static
TestHarness_c.cpp:62:6:void CHECK_EQUAL_C_LONGLONG_LOCATION(cpputest_longlong, cpputest_longlong, const char*, const char*, size_t)	64	static
TestHarness_c.cpp:67:6:void CHECK_EQUAL_C_ULONGLONG_LOCATION(cpputest_ulonglong, cpputest_ulonglong, const char*, const char*, size_t)	64	static
TestHarness_c.cpp:72:6:void CHECK_EQUAL_C_REAL_LOCATION(double, double, double, const char*, const char*, size_t)	72	static
TestHarness_c.cpp:77:6:void CHECK_EQUAL_C_CHAR_LOCATION(char, char, const char*, const char*, size_t)	88	static
TestHarness_c.cpp:82:13:void CHECK_EQUAL_C_UBYTE_LOCATION(unsigned char, unsigned char, const char*, const char*, size_t)	88	static
TestHarness_c.cpp:87:6:void CHECK_EQUAL_C_SBYTE_LOCATION(signed char, signed char, const char*, const char*, size_t)	88	static
TestHarness_c.cpp:92:6:void CHECK_EQUAL_C_STRING_LOCATION(const char*, const char*, const char*, const char*, size_t)	56	static
TestHarness_c.cpp:97:6:void CHECK_EQUAL_C_POINTER_LOCATION(const void*, const void*, const char*, const char*, size_t)	56	static
TestHarness_c.cpp:102:13:void CHECK_EQUAL_C_BITS_LOCATION(unsigned int, unsigned int, unsigned int, size_t, const char*, const char*, size_t)	64	static
TestHarness_c.cpp:107:6:void FAIL_TEXT_C_LOCATION(const char*, const char*, size_t)	48	static
TestHarness_c.cpp:112:6:void FAIL_C_LOCATION(const char*, size_t)	40	static
TestHarness_c.cpp:117:6:void CHECK_C_LOCATION(int, const char*, const char*, const char*, size_t)	64	static
TestHarness_c.cpp:126:6:void cpputest_malloc_count_reset()	4	static
TestHarness_c.cpp:131:5:int cpputest_malloc_get_count()	4	static
TestHarness_c.cpp:138:6:void cpputest_malloc_set_out_of_memory()	8	static
TestHarness_c.cpp:145:6:void cpputest_malloc_set_not_out_of_memory()	8	static
TestHarness_c.cpp:152:6:void cpputest_malloc_set_out_of_memory_countdown(int)	16	static
TestHarness_c.cpp:159:7:void* cpputest_malloc(size_t)	16	static
TestHarness_c.cpp:164:7:char* cpputest_strdup(const char*)	16	static
TestHarness_c.cpp:169:7:char* cpputest_strndup(const char*, size_t)	16	static
TestHarness_c.cpp:174:7:void* cpputest_calloc(size_t, size_t)	16	static
TestHarness_c.cpp:179:7:void* cpputest_realloc(void*, size_t)	16	static
TestHarness_c.cpp:184:6:void cpputest_free(void*)	16	static
TestHarness_c.cpp:189:13:void countdown()	8	static
TestHarness_c.cpp:203:7:void* cpputest_malloc_location(size_t, const char*, size_t)	24	static
TestHarness_c.cpp:210:15:size_t test_harness_c_strlen(const char*)	24	static
TestHarness_c.cpp:217:14:char* strdup_alloc(const char*, size_t, const char*, size_t)	32	static
TestHarness_c.cpp:225:7:char* cpputest_strdup_location(const char*, const char*, size_t)	32	static
TestHarness_c.cpp:231:7:char* cpputest_strndup_location(const char*, size_t, const char*, size_t)	32	static
TestHarness_c.cpp:240:7:void* cpputest_calloc_location(size_t, size_t, const char*, size_t)	32	static
TestHarness_c.cpp:248:7:void* cpputest_realloc_location(void*, size_t, const char*, size_t)	24	static
TestHarness_c.cpp:253:6:void cpputest_free_location(void*, const char*, size_t)	24	static
